Vivado Simulator v2023.2
Copyright 1986-2022 Xilinx, Inc. All Rights Reserved.
Copyright 2022-2023 Advanced Micro Devices, Inc. All Rights Reserved.
Running: /tools/Xilinx/Vivado/2023.2/bin/unwrapped/lnx64.o/xelab --incr --debug typical --relax --mt 8 -L xil_defaultlib -L unisims_ver -L unimacro_ver -L secureip -L xpm --snapshot top_ov7670_behav xil_defaultlib.top_ov7670 xil_defaultlib.glbl -log elaborate.log 
Using 8 slave threads.
Starting static elaboration
Pass Through NonSizing Optimizer
WARNING: [VRFC 10-9543] actual bit length 4 differs from formal bit length 6 for port 'cnt_reg_test' [/home/raquel/vivado_projects/VIRT_fall25/VIRT_fall25.srcs/sources_1/imports/ov7670_rgb_yuv_320x240_rg/top_ov7670.v:244]
WARNING: [VRFC 10-3705] select index 7 into 'led' is out of bounds [/home/raquel/vivado_projects/VIRT_fall25/VIRT_fall25.srcs/sources_1/imports/ov7670_rgb_yuv_320x240_rg/top_ov7670.v:257]
WARNING: [VRFC 10-3705] select index 6 into 'led' is out of bounds [/home/raquel/vivado_projects/VIRT_fall25/VIRT_fall25.srcs/sources_1/imports/ov7670_rgb_yuv_320x240_rg/top_ov7670.v:258]
Completed static elaboration
Starting simulation data flow analysis
Completed simulation data flow analysis
Time Resolution for simulation is 1ps
Compiling package std.standard
Compiling package std.textio
Compiling package ieee.std_logic_1164
Compiling package ieee.numeric_std
Compiling package unisim.vcomponents
Compiling package ieee.std_logic_arith
Compiling package ieee.vital_timing
Compiling package ieee.vital_primitives
Compiling package unisim.vpkg
Compiling package xil_defaultlib.dvi_constants
Compiling module unisims_ver.IBUF
Compiling module unisims_ver.PLLE2_ADV(CLKFBOUT_MULT=7,CLKIN1...
Compiling module unisims_ver.BUFG
Compiling module xil_defaultlib.clk_wiz_0_clk_wiz
Compiling module xil_defaultlib.clk_wiz_0
Compiling module xil_defaultlib.mode_sel
Compiling architecture behavioral of entity xil_defaultlib.TMDS_Encoder [tmds_encoder_default]
Compiling architecture behavioral of entity xil_defaultlib.SyncAsync [\SyncAsync(kresetto='1')\]
Compiling architecture behavioral of entity xil_defaultlib.ResetBridge [resetbridge_default]
Compiling architecture obufds_v of entity unisim.OBUFDS [\OBUFDS(iostandard="TMDS_33")(1,...]
Compiling architecture oserdese2_v of entity unisim.OSERDESE2 [\OSERDESE2(data_rate_tq="SDR",da...]
Compiling architecture oserdese2_v of entity unisim.OSERDESE2 [\OSERDESE2(data_rate_tq="SDR",da...]
Compiling architecture behavioral of entity xil_defaultlib.OutputSERDES [outputserdes_default]
Compiling architecture behavioral of entity xil_defaultlib.rgb2dvi [\rgb2dvi(kgenerateserialclk=fals...]
Compiling architecture rgb2dvi_0_arch of entity xil_defaultlib.rgb2dvi_0 [rgb2dvi_0_default]
Compiling module xil_defaultlib.hdmi_display_default
Compiling module xil_defaultlib.frame_buffer_default
Compiling module xil_defaultlib.ov7670_capture_default
Compiling module xil_defaultlib.sccb_master_default
Compiling module xil_defaultlib.ov7670_ctrl_reg
Compiling module xil_defaultlib.ov7670_top_ctrl
WARNING: [VRFC 10-3705] select index 7 into 'led' is out of bounds [/home/raquel/vivado_projects/VIRT_fall25/VIRT_fall25.srcs/sources_1/imports/ov7670_rgb_yuv_320x240_rg/top_ov7670.v:257]
WARNING: [VRFC 10-3705] select index 6 into 'led' is out of bounds [/home/raquel/vivado_projects/VIRT_fall25/VIRT_fall25.srcs/sources_1/imports/ov7670_rgb_yuv_320x240_rg/top_ov7670.v:258]
Compiling module xil_defaultlib.top_ov7670
Compiling module xil_defaultlib.glbl
Built simulation snapshot top_ov7670_behav
